Microsoft Windows [Version 10.0.18362.535]
(c) Корпорация Майкрософт (Microsoft Corporation), 2019. Все права защищены.

C:\WINDOWS\system32> cd C:\Program Files\MySQL\MySQL Server 8.0\bin>mysql -u root -p
Enter password: **************
Welcome to the MySQL monitor.  Commands end with ; or \g.
Your MySQL connection id is 26
Server version: 8.0.18 MySQL Community Server - GPL

Copyright (c) 2000, 2019, Oracle and/or its affiliates. All rights reserved.

Oracle is a registered trademark of Oracle Corporation and/or its
affiliates. Other names may be trademarks of their respective
owners.

Type 'help;' or '\h' for help. Type '\c' to clear the current input statement.

mysql> CREATE DATABASE example;
Query OK, 1 row affected (0.01 sec)

mysql> USE example;
Database changed

mysql> CREATE TABLE IF NOT EXISTS users (
    -> id SERIAL,
    -> name VARCHAR(255) NOT NULL UNIQUE
    -> );
ERROR 1046 (3D000): No database selected
mysql> USE example;
Database changed

mysql> CREATE TABLE IF NOT EXISTS users (
    -> id SERIAL,
    -> name VARCHAR(255) NOT NULL UNIQUE
    -> );
Query OK, 0 rows affected, 1 warning (0.01 sec)

mysql> SHOW TABLES;
+-------------------+
| Tables_in_example |
+-------------------+
| users             |
+-------------------+
1 row in set (0.00 sec)

mysql>